// Jest Snapshot v1, https://goo.gl/fbAQLP

exports[`modules/HelloThere.tsx should match snapshot 1`] = `
<div>
  <div>
    Hello there!
  </div>
</div>
`;
